# HELP process_cpu_user_seconds_total Total user CPU time spent in seconds.
# TYPE process_cpu_user_seconds_total counter
process_cpu_user_seconds_total 7.420431

# HELP process_cpu_system_seconds_total Total system CPU time spent in seconds.
# TYPE process_cpu_system_seconds_total counter
process_cpu_system_seconds_total 2.042137

# HELP process_cpu_seconds_total Total user and system CPU time spent in seconds.
# TYPE process_cpu_seconds_total counter
process_cpu_seconds_total 9.462568

# HELP process_start_time_seconds Start time of the process since unix epoch in seconds.
# TYPE process_start_time_seconds gauge
process_start_time_seconds 1778768954

# HELP process_resident_memory_bytes Resident memory size in bytes.
# TYPE process_resident_memory_bytes gauge
process_resident_memory_bytes 323567616

# HELP nodejs_eventloop_lag_seconds Lag of event loop in seconds.
# TYPE nodejs_eventloop_lag_seconds gauge
nodejs_eventloop_lag_seconds 0.00829925

# HELP nodejs_eventloop_lag_min_seconds The minimum recorded event loop delay.
# TYPE nodejs_eventloop_lag_min_seconds gauge
nodejs_eventloop_lag_min_seconds 0.00909312

# HELP nodejs_eventloop_lag_max_seconds The maximum recorded event loop delay.
# TYPE nodejs_eventloop_lag_max_seconds gauge
nodejs_eventloop_lag_max_seconds 0.186122239

# HELP nodejs_eventloop_lag_mean_seconds The mean of the recorded event loop delays.
# TYPE nodejs_eventloop_lag_mean_seconds gauge
nodejs_eventloop_lag_mean_seconds 0.011163564615690168

# HELP nodejs_eventloop_lag_stddev_seconds The standard deviation of the recorded event loop delays.
# TYPE nodejs_eventloop_lag_stddev_seconds gauge
nodejs_eventloop_lag_stddev_seconds 0.004973896835597882

# HELP nodejs_eventloop_lag_p50_seconds The 50th percentile of the recorded event loop delays.
# TYPE nodejs_eventloop_lag_p50_seconds gauge
nodejs_eventloop_lag_p50_seconds 0.011051007

# HELP nodejs_eventloop_lag_p90_seconds The 90th percentile of the recorded event loop delays.
# TYPE nodejs_eventloop_lag_p90_seconds gauge
nodejs_eventloop_lag_p90_seconds 0.011091967

# HELP nodejs_eventloop_lag_p99_seconds The 99th percentile of the recorded event loop delays.
# TYPE nodejs_eventloop_lag_p99_seconds gauge
nodejs_eventloop_lag_p99_seconds 0.012656639

# HELP nodejs_active_resources Number of active resources that are currently keeping the event loop alive, grouped by async resource type.
# TYPE nodejs_active_resources gauge
nodejs_active_resources{type="TTYWrap"} 2
nodejs_active_resources{type="TCPSocketWrap"} 16
nodejs_active_resources{type="TCPServerWrap"} 1
nodejs_active_resources{type="FSEventWrap"} 7
nodejs_active_resources{type="Timeout"} 2
nodejs_active_resources{type="Immediate"} 1

# HELP nodejs_active_resources_total Total number of active resources.
# TYPE nodejs_active_resources_total gauge
nodejs_active_resources_total 29

# HELP nodejs_active_handles Number of active libuv handles grouped by handle type. Every handle type is C++ class name.
# TYPE nodejs_active_handles gauge
nodejs_active_handles{type="WriteStream"} 2
nodejs_active_handles{type="Socket"} 16
nodejs_active_handles{type="Server"} 1
nodejs_active_handles{type="FSWatcher"} 7

# HELP nodejs_active_handles_total Total number of active handles.
# TYPE nodejs_active_handles_total gauge
nodejs_active_handles_total 26

# HELP nodejs_active_requests Number of active libuv requests grouped by request type. Every request type is C++ class name.
# TYPE nodejs_active_requests gauge

# HELP nodejs_active_requests_total Total number of active requests.
# TYPE nodejs_active_requests_total gauge
nodejs_active_requests_total 0

# HELP nodejs_heap_size_total_bytes Process heap size from Node.js in bytes.
# TYPE nodejs_heap_size_total_bytes gauge
nodejs_heap_size_total_bytes 306528256

# HELP nodejs_heap_size_used_bytes Process heap size used from Node.js in bytes.
# TYPE nodejs_heap_size_used_bytes gauge
nodejs_heap_size_used_bytes 288153136

# HELP nodejs_external_memory_bytes Node.js external memory size in bytes.
# TYPE nodejs_external_memory_bytes gauge
nodejs_external_memory_bytes 434409912

# HELP nodejs_heap_space_size_total_bytes Process heap space size total from Node.js in bytes.
# TYPE nodejs_heap_space_size_total_bytes gauge
nodejs_heap_space_size_total_bytes{space="read_only"} 0
nodejs_heap_space_size_total_bytes{space="new"} 1048576
nodejs_heap_space_size_total_bytes{space="old"} 257982464
nodejs_heap_space_size_total_bytes{space="code"} 12582912
nodejs_heap_space_size_total_bytes{space="shared"} 0
nodejs_heap_space_size_total_bytes{space="trusted"} 5259264
nodejs_heap_space_size_total_bytes{space="new_large_object"} 0
nodejs_heap_space_size_total_bytes{space="large_object"} 28180480
nodejs_heap_space_size_total_bytes{space="code_large_object"} 1474560
nodejs_heap_space_size_total_bytes{space="shared_large_object"} 0
nodejs_heap_space_size_total_bytes{space="trusted_large_object"} 0

# HELP nodejs_heap_space_size_used_bytes Process heap space size used from Node.js in bytes.
# TYPE nodejs_heap_space_size_used_bytes gauge
nodejs_heap_space_size_used_bytes{space="read_only"} 0
nodejs_heap_space_size_used_bytes{space="new"} 427272
nodejs_heap_space_size_used_bytes{space="old"} 244656128
nodejs_heap_space_size_used_bytes{space="code"} 9336384
nodejs_heap_space_size_used_bytes{space="shared"} 0
nodejs_heap_space_size_used_bytes{space="trusted"} 5031240
nodejs_heap_space_size_used_bytes{space="new_large_object"} 0
nodejs_heap_space_size_used_bytes{space="large_object"} 27519224
nodejs_heap_space_size_used_bytes{space="code_large_object"} 1186752
nodejs_heap_space_size_used_bytes{space="shared_large_object"} 0
nodejs_heap_space_size_used_bytes{space="trusted_large_object"} 0

# HELP nodejs_heap_space_size_available_bytes Process heap space size available from Node.js in bytes.
# TYPE nodejs_heap_space_size_available_bytes gauge
nodejs_heap_space_size_available_bytes{space="read_only"} 0
nodejs_heap_space_size_available_bytes{space="new"} 603640
nodejs_heap_space_size_available_bytes{space="old"} 8397768
nodejs_heap_space_size_available_bytes{space="code"} 668480
nodejs_heap_space_size_available_bytes{space="shared"} 0
nodejs_heap_space_size_available_bytes{space="trusted"} 133176
nodejs_heap_space_size_available_bytes{space="new_large_object"} 1048576
nodejs_heap_space_size_available_bytes{space="large_object"} 0
nodejs_heap_space_size_available_bytes{space="code_large_object"} 0
nodejs_heap_space_size_available_bytes{space="shared_large_object"} 0
nodejs_heap_space_size_available_bytes{space="trusted_large_object"} 0

# HELP nodejs_version_info Node.js version info.
# TYPE nodejs_version_info gauge
nodejs_version_info{version="v22.22.2",major="22",minor="22",patch="2"} 1

# HELP nodejs_gc_duration_seconds Garbage collection duration by kind, one of major, minor, incremental or weakcb.
# TYPE nodejs_gc_duration_seconds histogram
nodejs_gc_duration_seconds_bucket{le="0.001",kind="minor"} 1
nodejs_gc_duration_seconds_bucket{le="0.01",kind="minor"} 41
nodejs_gc_duration_seconds_bucket{le="0.1",kind="minor"} 41
nodejs_gc_duration_seconds_bucket{le="1",kind="minor"} 41
nodejs_gc_duration_seconds_bucket{le="2",kind="minor"} 41
nodejs_gc_duration_seconds_bucket{le="5",kind="minor"} 41
nodejs_gc_duration_seconds_bucket{le="+Inf",kind="minor"} 41
nodejs_gc_duration_seconds_sum{kind="minor"} 0.1407318349964917
nodejs_gc_duration_seconds_count{kind="minor"} 41
nodejs_gc_duration_seconds_bucket{le="0.001",kind="incremental"} 2
nodejs_gc_duration_seconds_bucket{le="0.01",kind="incremental"} 5
nodejs_gc_duration_seconds_bucket{le="0.1",kind="incremental"} 6
nodejs_gc_duration_seconds_bucket{le="1",kind="incremental"} 6
nodejs_gc_duration_seconds_bucket{le="2",kind="incremental"} 6
nodejs_gc_duration_seconds_bucket{le="5",kind="incremental"} 6
nodejs_gc_duration_seconds_bucket{le="+Inf",kind="incremental"} 6
nodejs_gc_duration_seconds_sum{kind="incremental"} 0.038044206999242304
nodejs_gc_duration_seconds_count{kind="incremental"} 6
nodejs_gc_duration_seconds_bucket{le="0.001",kind="major"} 0
nodejs_gc_duration_seconds_bucket{le="0.01",kind="major"} 0
nodejs_gc_duration_seconds_bucket{le="0.1",kind="major"} 4
nodejs_gc_duration_seconds_bucket{le="1",kind="major"} 4
nodejs_gc_duration_seconds_bucket{le="2",kind="major"} 4
nodejs_gc_duration_seconds_bucket{le="5",kind="major"} 4
nodejs_gc_duration_seconds_bucket{le="+Inf",kind="major"} 4
nodejs_gc_duration_seconds_sum{kind="major"} 0.06460574900731444
nodejs_gc_duration_seconds_count{kind="major"} 4

# HELP http_request_duration_seconds duration histogram of http responses labeled with: status_code, method, path, tenant, project_type, version
# TYPE http_request_duration_seconds histogram
http_request_duration_seconds_bucket{le="0.003",status_code="200",method="GET",path="/configs/custom-collections",tenant="local",project_type="coredatalink",version="1.0.4"} 0
http_request_duration_seconds_bucket{le="0.03",status_code="200",method="GET",path="/configs/custom-collections",tenant="local",project_type="coredatalink",version="1.0.4"} 1
http_request_duration_seconds_bucket{le="0.1",status_code="200",method="GET",path="/configs/custom-collections",tenant="local",project_type="coredatalink",version="1.0.4"} 1
http_request_duration_seconds_bucket{le="0.3",status_code="200",method="GET",path="/configs/custom-collections",tenant="local",project_type="coredatalink",version="1.0.4"} 1
http_request_duration_seconds_bucket{le="1.5",status_code="200",method="GET",path="/configs/custom-collections",tenant="local",project_type="coredatalink",version="1.0.4"} 1
http_request_duration_seconds_bucket{le="10",status_code="200",method="GET",path="/configs/custom-collections",tenant="local",project_type="coredatalink",version="1.0.4"} 1
http_request_duration_seconds_bucket{le="+Inf",status_code="200",method="GET",path="/configs/custom-collections",tenant="local",project_type="coredatalink",version="1.0.4"} 1
http_request_duration_seconds_sum{status_code="200",method="GET",path="/configs/custom-collections",tenant="local",project_type="coredatalink",version="1.0.4"} 0.010592
http_request_duration_seconds_count{status_code="200",method="GET",path="/configs/custom-collections",tenant="local",project_type="coredatalink",version="1.0.4"} 1
http_request_duration_seconds_bucket{le="0.003",status_code="304",method="GET",path="/admin",tenant="local",project_type="coredatalink",version="1.0.4"} 0
http_request_duration_seconds_bucket{le="0.03",status_code="304",method="GET",path="/admin",tenant="local",project_type="coredatalink",version="1.0.4"} 1
http_request_duration_seconds_bucket{le="0.1",status_code="304",method="GET",path="/admin",tenant="local",project_type="coredatalink",version="1.0.4"} 1
http_request_duration_seconds_bucket{le="0.3",status_code="304",method="GET",path="/admin",tenant="local",project_type="coredatalink",version="1.0.4"} 1
http_request_duration_seconds_bucket{le="1.5",status_code="304",method="GET",path="/admin",tenant="local",project_type="coredatalink",version="1.0.4"} 1
http_request_duration_seconds_bucket{le="10",status_code="304",method="GET",path="/admin",tenant="local",project_type="coredatalink",version="1.0.4"} 1
http_request_duration_seconds_bucket{le="+Inf",status_code="304",method="GET",path="/admin",tenant="local",project_type="coredatalink",version="1.0.4"} 1
http_request_duration_seconds_sum{status_code="304",method="GET",path="/admin",tenant="local",project_type="coredatalink",version="1.0.4"} 0.014761875
http_request_duration_seconds_count{status_code="304",method="GET",path="/admin",tenant="local",project_type="coredatalink",version="1.0.4"} 1
http_request_duration_seconds_bucket{le="0.003",status_code="304",method="GET",path="/admin/main.js",tenant="local",project_type="coredatalink",version="1.0.4"} 0
http_request_duration_seconds_bucket{le="0.03",status_code="304",method="GET",path="/admin/main.js",tenant="local",project_type="coredatalink",version="1.0.4"} 0
http_request_duration_seconds_bucket{le="0.1",status_code="304",method="GET",path="/admin/main.js",tenant="local",project_type="coredatalink",version="1.0.4"} 1
http_request_duration_seconds_bucket{le="0.3",status_code="304",method="GET",path="/admin/main.js",tenant="local",project_type="coredatalink",version="1.0.4"} 1
http_request_duration_seconds_bucket{le="1.5",status_code="304",method="GET",path="/admin/main.js",tenant="local",project_type="coredatalink",version="1.0.4"} 1
http_request_duration_seconds_bucket{le="10",status_code="304",method="GET",path="/admin/main.js",tenant="local",project_type="coredatalink",version="1.0.4"} 1
http_request_duration_seconds_bucket{le="+Inf",status_code="304",method="GET",path="/admin/main.js",tenant="local",project_type="coredatalink",version="1.0.4"} 1
http_request_duration_seconds_sum{status_code="304",method="GET",path="/admin/main.js",tenant="local",project_type="coredatalink",version="1.0.4"} 0.09481275
http_request_duration_seconds_count{status_code="304",method="GET",path="/admin/main.js",tenant="local",project_type="coredatalink",version="1.0.4"} 1
http_request_duration_seconds_bucket{le="0.003",status_code="200",method="GET",path="/env-config.js",tenant="local",project_type="coredatalink",version="1.0.4"} 0
http_request_duration_seconds_bucket{le="0.03",status_code="200",method="GET",path="/env-config.js",tenant="local",project_type="coredatalink",version="1.0.4"} 0
http_request_duration_seconds_bucket{le="0.1",status_code="200",method="GET",path="/env-config.js",tenant="local",project_type="coredatalink",version="1.0.4"} 0
http_request_duration_seconds_bucket{le="0.3",status_code="200",method="GET",path="/env-config.js",tenant="local",project_type="coredatalink",version="1.0.4"} 1
http_request_duration_seconds_bucket{le="1.5",status_code="200",method="GET",path="/env-config.js",tenant="local",project_type="coredatalink",version="1.0.4"} 1
http_request_duration_seconds_bucket{le="10",status_code="200",method="GET",path="/env-config.js",tenant="local",project_type="coredatalink",version="1.0.4"} 1
http_request_duration_seconds_bucket{le="+Inf",status_code="200",method="GET",path="/env-config.js",tenant="local",project_type="coredatalink",version="1.0.4"} 1
http_request_duration_seconds_sum{status_code="200",method="GET",path="/env-config.js",tenant="local",project_type="coredatalink",version="1.0.4"} 0.141359625
http_request_duration_seconds_count{status_code="200",method="GET",path="/env-config.js",tenant="local",project_type="coredatalink",version="1.0.4"} 1
http_request_duration_seconds_bucket{le="0.003",status_code="304",method="GET",path="/configs/custom-collections",tenant="local",project_type="coredatalink",version="1.0.4"} 0
http_request_duration_seconds_bucket{le="0.03",status_code="304",method="GET",path="/configs/custom-collections",tenant="local",project_type="coredatalink",version="1.0.4"} 1
http_request_duration_seconds_bucket{le="0.1",status_code="304",method="GET",path="/configs/custom-collections",tenant="local",project_type="coredatalink",version="1.0.4"} 1
http_request_duration_seconds_bucket{le="0.3",status_code="304",method="GET",path="/configs/custom-collections",tenant="local",project_type="coredatalink",version="1.0.4"} 1
http_request_duration_seconds_bucket{le="1.5",status_code="304",method="GET",path="/configs/custom-collections",tenant="local",project_type="coredatalink",version="1.0.4"} 1
http_request_duration_seconds_bucket{le="10",status_code="304",method="GET",path="/configs/custom-collections",tenant="local",project_type="coredatalink",version="1.0.4"} 1
http_request_duration_seconds_bucket{le="+Inf",status_code="304",method="GET",path="/configs/custom-collections",tenant="local",project_type="coredatalink",version="1.0.4"} 1
http_request_duration_seconds_sum{status_code="304",method="GET",path="/configs/custom-collections",tenant="local",project_type="coredatalink",version="1.0.4"} 0.004439833
http_request_duration_seconds_count{status_code="304",method="GET",path="/configs/custom-collections",tenant="local",project_type="coredatalink",version="1.0.4"} 1
http_request_duration_seconds_bucket{le="0.003",status_code="304",method="GET",path="/api/users/me",tenant="local",project_type="coredatalink",version="1.0.4"} 0
http_request_duration_seconds_bucket{le="0.03",status_code="304",method="GET",path="/api/users/me",tenant="local",project_type="coredatalink",version="1.0.4"} 1
http_request_duration_seconds_bucket{le="0.1",status_code="304",method="GET",path="/api/users/me",tenant="local",project_type="coredatalink",version="1.0.4"} 2
http_request_duration_seconds_bucket{le="0.3",status_code="304",method="GET",path="/api/users/me",tenant="local",project_type="coredatalink",version="1.0.4"} 2
http_request_duration_seconds_bucket{le="1.5",status_code="304",method="GET",path="/api/users/me",tenant="local",project_type="coredatalink",version="1.0.4"} 2
http_request_duration_seconds_bucket{le="10",status_code="304",method="GET",path="/api/users/me",tenant="local",project_type="coredatalink",version="1.0.4"} 2
http_request_duration_seconds_bucket{le="+Inf",status_code="304",method="GET",path="/api/users/me",tenant="local",project_type="coredatalink",version="1.0.4"} 2
http_request_duration_seconds_sum{status_code="304",method="GET",path="/api/users/me",tenant="local",project_type="coredatalink",version="1.0.4"} 0.093159875
http_request_duration_seconds_count{status_code="304",method="GET",path="/api/users/me",tenant="local",project_type="coredatalink",version="1.0.4"} 2
http_request_duration_seconds_bucket{le="0.003",status_code="304",method="GET",path="/api/users/init",tenant="local",project_type="coredatalink",version="1.0.4"} 0
http_request_duration_seconds_bucket{le="0.03",status_code="304",method="GET",path="/api/users/init",tenant="local",project_type="coredatalink",version="1.0.4"} 0
http_request_duration_seconds_bucket{le="0.1",status_code="304",method="GET",path="/api/users/init",tenant="local",project_type="coredatalink",version="1.0.4"} 0
http_request_duration_seconds_bucket{le="0.3",status_code="304",method="GET",path="/api/users/init",tenant="local",project_type="coredatalink",version="1.0.4"} 1
http_request_duration_seconds_bucket{le="1.5",status_code="304",method="GET",path="/api/users/init",tenant="local",project_type="coredatalink",version="1.0.4"} 1
http_request_duration_seconds_bucket{le="10",status_code="304",method="GET",path="/api/users/init",tenant="local",project_type="coredatalink",version="1.0.4"} 1
http_request_duration_seconds_bucket{le="+Inf",status_code="304",method="GET",path="/api/users/init",tenant="local",project_type="coredatalink",version="1.0.4"} 1
http_request_duration_seconds_sum{status_code="304",method="GET",path="/api/users/init",tenant="local",project_type="coredatalink",version="1.0.4"} 0.177384625
http_request_duration_seconds_count{status_code="304",method="GET",path="/api/users/init",tenant="local",project_type="coredatalink",version="1.0.4"} 1
http_request_duration_seconds_bucket{le="0.003",status_code="304",method="GET",path="/admin/5b718d9772de251a8c0a.woff2",tenant="local",project_type="coredatalink",version="1.0.4"} 1
http_request_duration_seconds_bucket{le="0.03",status_code="304",method="GET",path="/admin/5b718d9772de251a8c0a.woff2",tenant="local",project_type="coredatalink",version="1.0.4"} 1
http_request_duration_seconds_bucket{le="0.1",status_code="304",method="GET",path="/admin/5b718d9772de251a8c0a.woff2",tenant="local",project_type="coredatalink",version="1.0.4"} 1
http_request_duration_seconds_bucket{le="0.3",status_code="304",method="GET",path="/admin/5b718d9772de251a8c0a.woff2",tenant="local",project_type="coredatalink",version="1.0.4"} 1
http_request_duration_seconds_bucket{le="1.5",status_code="304",method="GET",path="/admin/5b718d9772de251a8c0a.woff2",tenant="local",project_type="coredatalink",version="1.0.4"} 1
http_request_duration_seconds_bucket{le="10",status_code="304",method="GET",path="/admin/5b718d9772de251a8c0a.woff2",tenant="local",project_type="coredatalink",version="1.0.4"} 1
http_request_duration_seconds_bucket{le="+Inf",status_code="304",method="GET",path="/admin/5b718d9772de251a8c0a.woff2",tenant="local",project_type="coredatalink",version="1.0.4"} 1
http_request_duration_seconds_sum{status_code="304",method="GET",path="/admin/5b718d9772de251a8c0a.woff2",tenant="local",project_type="coredatalink",version="1.0.4"} 0.001832167
http_request_duration_seconds_count{status_code="304",method="GET",path="/admin/5b718d9772de251a8c0a.woff2",tenant="local",project_type="coredatalink",version="1.0.4"} 1
http_request_duration_seconds_bucket{le="0.003",status_code="304",method="GET",path="/admin/51922ceb71da289688d3.woff2",tenant="local",project_type="coredatalink",version="1.0.4"} 0
http_request_duration_seconds_bucket{le="0.03",status_code="304",method="GET",path="/admin/51922ceb71da289688d3.woff2",tenant="local",project_type="coredatalink",version="1.0.4"} 1
http_request_duration_seconds_bucket{le="0.1",status_code="304",method="GET",path="/admin/51922ceb71da289688d3.woff2",tenant="local",project_type="coredatalink",version="1.0.4"} 1
http_request_duration_seconds_bucket{le="0.3",status_code="304",method="GET",path="/admin/51922ceb71da289688d3.woff2",tenant="local",project_type="coredatalink",version="1.0.4"} 1
http_request_duration_seconds_bucket{le="1.5",status_code="304",method="GET",path="/admin/51922ceb71da289688d3.woff2",tenant="local",project_type="coredatalink",version="1.0.4"} 1
http_request_duration_seconds_bucket{le="10",status_code="304",method="GET",path="/admin/51922ceb71da289688d3.woff2",tenant="local",project_type="coredatalink",version="1.0.4"} 1
http_request_duration_seconds_bucket{le="+Inf",status_code="304",method="GET",path="/admin/51922ceb71da289688d3.woff2",tenant="local",project_type="coredatalink",version="1.0.4"} 1
http_request_duration_seconds_sum{status_code="304",method="GET",path="/admin/51922ceb71da289688d3.woff2",tenant="local",project_type="coredatalink",version="1.0.4"} 0.003436041
http_request_duration_seconds_count{status_code="304",method="GET",path="/admin/51922ceb71da289688d3.woff2",tenant="local",project_type="coredatalink",version="1.0.4"} 1
http_request_duration_seconds_bucket{le="0.003",status_code="304",method="GET",path="/api/access",tenant="local",project_type="coredatalink",version="1.0.4"} 0
http_request_duration_seconds_bucket{le="0.03",status_code="304",method="GET",path="/api/access",tenant="local",project_type="coredatalink",version="1.0.4"} 1
http_request_duration_seconds_bucket{le="0.1",status_code="304",method="GET",path="/api/access",tenant="local",project_type="coredatalink",version="1.0.4"} 1
http_request_duration_seconds_bucket{le="0.3",status_code="304",method="GET",path="/api/access",tenant="local",project_type="coredatalink",version="1.0.4"} 1
http_request_duration_seconds_bucket{le="1.5",status_code="304",method="GET",path="/api/access",tenant="local",project_type="coredatalink",version="1.0.4"} 1
http_request_duration_seconds_bucket{le="10",status_code="304",method="GET",path="/api/access",tenant="local",project_type="coredatalink",version="1.0.4"} 1
http_request_duration_seconds_bucket{le="+Inf",status_code="304",method="GET",path="/api/access",tenant="local",project_type="coredatalink",version="1.0.4"} 1
http_request_duration_seconds_sum{status_code="304",method="GET",path="/api/access",tenant="local",project_type="coredatalink",version="1.0.4"} 0.021445583
http_request_duration_seconds_count{status_code="304",method="GET",path="/api/access",tenant="local",project_type="coredatalink",version="1.0.4"} 1
http_request_duration_seconds_bucket{le="0.003",status_code="304",method="GET",path="/assets/logo.png",tenant="local",project_type="coredatalink",version="1.0.4"} 1
http_request_duration_seconds_bucket{le="0.03",status_code="304",method="GET",path="/assets/logo.png",tenant="local",project_type="coredatalink",version="1.0.4"} 1
http_request_duration_seconds_bucket{le="0.1",status_code="304",method="GET",path="/assets/logo.png",tenant="local",project_type="coredatalink",version="1.0.4"} 1
http_request_duration_seconds_bucket{le="0.3",status_code="304",method="GET",path="/assets/logo.png",tenant="local",project_type="coredatalink",version="1.0.4"} 1
http_request_duration_seconds_bucket{le="1.5",status_code="304",method="GET",path="/assets/logo.png",tenant="local",project_type="coredatalink",version="1.0.4"} 1
http_request_duration_seconds_bucket{le="10",status_code="304",method="GET",path="/assets/logo.png",tenant="local",project_type="coredatalink",version="1.0.4"} 1
http_request_duration_seconds_bucket{le="+Inf",status_code="304",method="GET",path="/assets/logo.png",tenant="local",project_type="coredatalink",version="1.0.4"} 1
http_request_duration_seconds_sum{status_code="304",method="GET",path="/assets/logo.png",tenant="local",project_type="coredatalink",version="1.0.4"} 0.000870834
http_request_duration_seconds_count{status_code="304",method="GET",path="/assets/logo.png",tenant="local",project_type="coredatalink",version="1.0.4"} 1
http_request_duration_seconds_bucket{le="0.003",status_code="304",method="GET",path="/api/payload-preferences/nav",tenant="local",project_type="coredatalink",version="1.0.4"} 0
http_request_duration_seconds_bucket{le="0.03",status_code="304",method="GET",path="/api/payload-preferences/nav",tenant="local",project_type="coredatalink",version="1.0.4"} 0
http_request_duration_seconds_bucket{le="0.1",status_code="304",method="GET",path="/api/payload-preferences/nav",tenant="local",project_type="coredatalink",version="1.0.4"} 1
http_request_duration_seconds_bucket{le="0.3",status_code="304",method="GET",path="/api/payload-preferences/nav",tenant="local",project_type="coredatalink",version="1.0.4"} 1
http_request_duration_seconds_bucket{le="1.5",status_code="304",method="GET",path="/api/payload-preferences/nav",tenant="local",project_type="coredatalink",version="1.0.4"} 1
http_request_duration_seconds_bucket{le="10",status_code="304",method="GET",path="/api/payload-preferences/nav",tenant="local",project_type="coredatalink",version="1.0.4"} 1
http_request_duration_seconds_bucket{le="+Inf",status_code="304",method="GET",path="/api/payload-preferences/nav",tenant="local",project_type="coredatalink",version="1.0.4"} 1
http_request_duration_seconds_sum{status_code="304",method="GET",path="/api/payload-preferences/nav",tenant="local",project_type="coredatalink",version="1.0.4"} 0.067545292
http_request_duration_seconds_count{status_code="304",method="GET",path="/api/payload-preferences/nav",tenant="local",project_type="coredatalink",version="1.0.4"} 1
http_request_duration_seconds_bucket{le="0.003",status_code="304",method="GET",path="/api/payload-preferences/locale",tenant="local",project_type="coredatalink",version="1.0.4"} 0
http_request_duration_seconds_bucket{le="0.03",status_code="304",method="GET",path="/api/payload-preferences/locale",tenant="local",project_type="coredatalink",version="1.0.4"} 1
http_request_duration_seconds_bucket{le="0.1",status_code="304",method="GET",path="/api/payload-preferences/locale",tenant="local",project_type="coredatalink",version="1.0.4"} 1
http_request_duration_seconds_bucket{le="0.3",status_code="304",method="GET",path="/api/payload-preferences/locale",tenant="local",project_type="coredatalink",version="1.0.4"} 1
http_request_duration_seconds_bucket{le="1.5",status_code="304",method="GET",path="/api/payload-preferences/locale",tenant="local",project_type="coredatalink",version="1.0.4"} 1
http_request_duration_seconds_bucket{le="10",status_code="304",method="GET",path="/api/payload-preferences/locale",tenant="local",project_type="coredatalink",version="1.0.4"} 1
http_request_duration_seconds_bucket{le="+Inf",status_code="304",method="GET",path="/api/payload-preferences/locale",tenant="local",project_type="coredatalink",version="1.0.4"} 1
http_request_duration_seconds_sum{status_code="304",method="GET",path="/api/payload-preferences/locale",tenant="local",project_type="coredatalink",version="1.0.4"} 0.006420791
http_request_duration_seconds_count{status_code="304",method="GET",path="/api/payload-preferences/locale",tenant="local",project_type="coredatalink",version="1.0.4"} 1
http_request_duration_seconds_bucket{le="0.003",status_code="304",method="GET",path="/assets/favicon.ico",tenant="local",project_type="coredatalink",version="1.0.4"} 1
http_request_duration_seconds_bucket{le="0.03",status_code="304",method="GET",path="/assets/favicon.ico",tenant="local",project_type="coredatalink",version="1.0.4"} 1
http_request_duration_seconds_bucket{le="0.1",status_code="304",method="GET",path="/assets/favicon.ico",tenant="local",project_type="coredatalink",version="1.0.4"} 1
http_request_duration_seconds_bucket{le="0.3",status_code="304",method="GET",path="/assets/favicon.ico",tenant="local",project_type="coredatalink",version="1.0.4"} 1
http_request_duration_seconds_bucket{le="1.5",status_code="304",method="GET",path="/assets/favicon.ico",tenant="local",project_type="coredatalink",version="1.0.4"} 1
http_request_duration_seconds_bucket{le="10",status_code="304",method="GET",path="/assets/favicon.ico",tenant="local",project_type="coredatalink",version="1.0.4"} 1
http_request_duration_seconds_bucket{le="+Inf",status_code="304",method="GET",path="/assets/favicon.ico",tenant="local",project_type="coredatalink",version="1.0.4"} 1
http_request_duration_seconds_sum{status_code="304",method="GET",path="/assets/favicon.ico",tenant="local",project_type="coredatalink",version="1.0.4"} 0.001581
http_request_duration_seconds_count{status_code="304",method="GET",path="/assets/favicon.ico",tenant="local",project_type="coredatalink",version="1.0.4"} 1
http_request_duration_seconds_bucket{le="0.003",status_code="304",method="GET",path="/api/payload-preferences/collapsed-Collections-groups",tenant="local",project_type="coredatalink",version="1.0.4"} 0
http_request_duration_seconds_bucket{le="0.03",status_code="304",method="GET",path="/api/payload-preferences/collapsed-Collections-groups",tenant="local",project_type="coredatalink",version="1.0.4"} 1
http_request_duration_seconds_bucket{le="0.1",status_code="304",method="GET",path="/api/payload-preferences/collapsed-Collections-groups",tenant="local",project_type="coredatalink",version="1.0.4"} 1
http_request_duration_seconds_bucket{le="0.3",status_code="304",method="GET",path="/api/payload-preferences/collapsed-Collections-groups",tenant="local",project_type="coredatalink",version="1.0.4"} 1
http_request_duration_seconds_bucket{le="1.5",status_code="304",method="GET",path="/api/payload-preferences/collapsed-Collections-groups",tenant="local",project_type="coredatalink",version="1.0.4"} 1
http_request_duration_seconds_bucket{le="10",status_code="304",method="GET",path="/api/payload-preferences/collapsed-Collections-groups",tenant="local",project_type="coredatalink",version="1.0.4"} 1
http_request_duration_seconds_bucket{le="+Inf",status_code="304",method="GET",path="/api/payload-preferences/collapsed-Collections-groups",tenant="local",project_type="coredatalink",version="1.0.4"} 1
http_request_duration_seconds_sum{status_code="304",method="GET",path="/api/payload-preferences/collapsed-Collections-groups",tenant="local",project_type="coredatalink",version="1.0.4"} 0.014055208
http_request_duration_seconds_count{status_code="304",method="GET",path="/api/payload-preferences/collapsed-Collections-groups",tenant="local",project_type="coredatalink",version="1.0.4"} 1
http_request_duration_seconds_bucket{le="0.003",status_code="304",method="GET",path="/api/payload-preferences/collapsed-Notifications-groups",tenant="local",project_type="coredatalink",version="1.0.4"} 0
http_request_duration_seconds_bucket{le="0.03",status_code="304",method="GET",path="/api/payload-preferences/collapsed-Notifications-groups",tenant="local",project_type="coredatalink",version="1.0.4"} 1
http_request_duration_seconds_bucket{le="0.1",status_code="304",method="GET",path="/api/payload-preferences/collapsed-Notifications-groups",tenant="local",project_type="coredatalink",version="1.0.4"} 1
http_request_duration_seconds_bucket{le="0.3",status_code="304",method="GET",path="/api/payload-preferences/collapsed-Notifications-groups",tenant="local",project_type="coredatalink",version="1.0.4"} 1
http_request_duration_seconds_bucket{le="1.5",status_code="304",method="GET",path="/api/payload-preferences/collapsed-Notifications-groups",tenant="local",project_type="coredatalink",version="1.0.4"} 1
http_request_duration_seconds_bucket{le="10",status_code="304",method="GET",path="/api/payload-preferences/collapsed-Notifications-groups",tenant="local",project_type="coredatalink",version="1.0.4"} 1
http_request_duration_seconds_bucket{le="+Inf",status_code="304",method="GET",path="/api/payload-preferences/collapsed-Notifications-groups",tenant="local",project_type="coredatalink",version="1.0.4"} 1
http_request_duration_seconds_sum{status_code="304",method="GET",path="/api/payload-preferences/collapsed-Notifications-groups",tenant="local",project_type="coredatalink",version="1.0.4"} 0.013293166
http_request_duration_seconds_count{status_code="304",method="GET",path="/api/payload-preferences/collapsed-Notifications-groups",tenant="local",project_type="coredatalink",version="1.0.4"} 1
http_request_duration_seconds_bucket{le="0.003",status_code="304",method="GET",path="/api/payload-preferences/collapsed-Owners-groups",tenant="local",project_type="coredatalink",version="1.0.4"} 0
http_request_duration_seconds_bucket{le="0.03",status_code="304",method="GET",path="/api/payload-preferences/collapsed-Owners-groups",tenant="local",project_type="coredatalink",version="1.0.4"} 1
http_request_duration_seconds_bucket{le="0.1",status_code="304",method="GET",path="/api/payload-preferences/collapsed-Owners-groups",tenant="local",project_type="coredatalink",version="1.0.4"} 1
http_request_duration_seconds_bucket{le="0.3",status_code="304",method="GET",path="/api/payload-preferences/collapsed-Owners-groups",tenant="local",project_type="coredatalink",version="1.0.4"} 1
http_request_duration_seconds_bucket{le="1.5",status_code="304",method="GET",path="/api/payload-preferences/collapsed-Owners-groups",tenant="local",project_type="coredatalink",version="1.0.4"} 1
http_request_duration_seconds_bucket{le="10",status_code="304",method="GET",path="/api/payload-preferences/collapsed-Owners-groups",tenant="local",project_type="coredatalink",version="1.0.4"} 1
http_request_duration_seconds_bucket{le="+Inf",status_code="304",method="GET",path="/api/payload-preferences/collapsed-Owners-groups",tenant="local",project_type="coredatalink",version="1.0.4"} 1
http_request_duration_seconds_sum{status_code="304",method="GET",path="/api/payload-preferences/collapsed-Owners-groups",tenant="local",project_type="coredatalink",version="1.0.4"} 0.017148167
http_request_duration_seconds_count{status_code="304",method="GET",path="/api/payload-preferences/collapsed-Owners-groups",tenant="local",project_type="coredatalink",version="1.0.4"} 1
http_request_duration_seconds_bucket{le="0.003",status_code="304",method="GET",path="/api/payload-preferences/collapsed-Configuration-groups",tenant="local",project_type="coredatalink",version="1.0.4"} 0
http_request_duration_seconds_bucket{le="0.03",status_code="304",method="GET",path="/api/payload-preferences/collapsed-Configuration-groups",tenant="local",project_type="coredatalink",version="1.0.4"} 1
http_request_duration_seconds_bucket{le="0.1",status_code="304",method="GET",path="/api/payload-preferences/collapsed-Configuration-groups",tenant="local",project_type="coredatalink",version="1.0.4"} 1
http_request_duration_seconds_bucket{le="0.3",status_code="304",method="GET",path="/api/payload-preferences/collapsed-Configuration-groups",tenant="local",project_type="coredatalink",version="1.0.4"} 1
http_request_duration_seconds_bucket{le="1.5",status_code="304",method="GET",path="/api/payload-preferences/collapsed-Configuration-groups",tenant="local",project_type="coredatalink",version="1.0.4"} 1
http_request_duration_seconds_bucket{le="10",status_code="304",method="GET",path="/api/payload-preferences/collapsed-Configuration-groups",tenant="local",project_type="coredatalink",version="1.0.4"} 1
http_request_duration_seconds_bucket{le="+Inf",status_code="304",method="GET",path="/api/payload-preferences/collapsed-Configuration-groups",tenant="local",project_type="coredatalink",version="1.0.4"} 1
http_request_duration_seconds_sum{status_code="304",method="GET",path="/api/payload-preferences/collapsed-Configuration-groups",tenant="local",project_type="coredatalink",version="1.0.4"} 0.018301542
http_request_duration_seconds_count{status_code="304",method="GET",path="/api/payload-preferences/collapsed-Configuration-groups",tenant="local",project_type="coredatalink",version="1.0.4"} 1
http_request_duration_seconds_bucket{le="0.003",status_code="304",method="GET",path="/api/payload-preferences/collapsed-Content-groups",tenant="local",project_type="coredatalink",version="1.0.4"} 0
http_request_duration_seconds_bucket{le="0.03",status_code="304",method="GET",path="/api/payload-preferences/collapsed-Content-groups",tenant="local",project_type="coredatalink",version="1.0.4"} 1
http_request_duration_seconds_bucket{le="0.1",status_code="304",method="GET",path="/api/payload-preferences/collapsed-Content-groups",tenant="local",project_type="coredatalink",version="1.0.4"} 1
http_request_duration_seconds_bucket{le="0.3",status_code="304",method="GET",path="/api/payload-preferences/collapsed-Content-groups",tenant="local",project_type="coredatalink",version="1.0.4"} 1
http_request_duration_seconds_bucket{le="1.5",status_code="304",method="GET",path="/api/payload-preferences/collapsed-Content-groups",tenant="local",project_type="coredatalink",version="1.0.4"} 1
http_request_duration_seconds_bucket{le="10",status_code="304",method="GET",path="/api/payload-preferences/collapsed-Content-groups",tenant="local",project_type="coredatalink",version="1.0.4"} 1
http_request_duration_seconds_bucket{le="+Inf",status_code="304",method="GET",path="/api/payload-preferences/collapsed-Content-groups",tenant="local",project_type="coredatalink",version="1.0.4"} 1
http_request_duration_seconds_sum{status_code="304",method="GET",path="/api/payload-preferences/collapsed-Content-groups",tenant="local",project_type="coredatalink",version="1.0.4"} 0.025153375
http_request_duration_seconds_count{status_code="304",method="GET",path="/api/payload-preferences/collapsed-Content-groups",tenant="local",project_type="coredatalink",version="1.0.4"} 1
http_request_duration_seconds_bucket{le="0.003",status_code="304",method="GET",path="/api/payload-preferences/collapsed-Admin-groups",tenant="local",project_type="coredatalink",version="1.0.4"} 0
http_request_duration_seconds_bucket{le="0.03",status_code="304",method="GET",path="/api/payload-preferences/collapsed-Admin-groups",tenant="local",project_type="coredatalink",version="1.0.4"} 0
http_request_duration_seconds_bucket{le="0.1",status_code="304",method="GET",path="/api/payload-preferences/collapsed-Admin-groups",tenant="local",project_type="coredatalink",version="1.0.4"} 1
http_request_duration_seconds_bucket{le="0.3",status_code="304",method="GET",path="/api/payload-preferences/collapsed-Admin-groups",tenant="local",project_type="coredatalink",version="1.0.4"} 1
http_request_duration_seconds_bucket{le="1.5",status_code="304",method="GET",path="/api/payload-preferences/collapsed-Admin-groups",tenant="local",project_type="coredatalink",version="1.0.4"} 1
http_request_duration_seconds_bucket{le="10",status_code="304",method="GET",path="/api/payload-preferences/collapsed-Admin-groups",tenant="local",project_type="coredatalink",version="1.0.4"} 1
http_request_duration_seconds_bucket{le="+Inf",status_code="304",method="GET",path="/api/payload-preferences/collapsed-Admin-groups",tenant="local",project_type="coredatalink",version="1.0.4"} 1
http_request_duration_seconds_sum{status_code="304",method="GET",path="/api/payload-preferences/collapsed-Admin-groups",tenant="local",project_type="coredatalink",version="1.0.4"} 0.03347425
http_request_duration_seconds_count{status_code="304",method="GET",path="/api/payload-preferences/collapsed-Admin-groups",tenant="local",project_type="coredatalink",version="1.0.4"} 1
http_request_duration_seconds_bucket{le="0.003",status_code="304",method="GET",path="/api/payload-preferences/collapsed-Data-groups",tenant="local",project_type="coredatalink",version="1.0.4"} 0
http_request_duration_seconds_bucket{le="0.03",status_code="304",method="GET",path="/api/payload-preferences/collapsed-Data-groups",tenant="local",project_type="coredatalink",version="1.0.4"} 0
http_request_duration_seconds_bucket{le="0.1",status_code="304",method="GET",path="/api/payload-preferences/collapsed-Data-groups",tenant="local",project_type="coredatalink",version="1.0.4"} 1
http_request_duration_seconds_bucket{le="0.3",status_code="304",method="GET",path="/api/payload-preferences/collapsed-Data-groups",tenant="local",project_type="coredatalink",version="1.0.4"} 1
http_request_duration_seconds_bucket{le="1.5",status_code="304",method="GET",path="/api/payload-preferences/collapsed-Data-groups",tenant="local",project_type="coredatalink",version="1.0.4"} 1
http_request_duration_seconds_bucket{le="10",status_code="304",method="GET",path="/api/payload-preferences/collapsed-Data-groups",tenant="local",project_type="coredatalink",version="1.0.4"} 1
http_request_duration_seconds_bucket{le="+Inf",status_code="304",method="GET",path="/api/payload-preferences/collapsed-Data-groups",tenant="local",project_type="coredatalink",version="1.0.4"} 1
http_request_duration_seconds_sum{status_code="304",method="GET",path="/api/payload-preferences/collapsed-Data-groups",tenant="local",project_type="coredatalink",version="1.0.4"} 0.030948208
http_request_duration_seconds_count{status_code="304",method="GET",path="/api/payload-preferences/collapsed-Data-groups",tenant="local",project_type="coredatalink",version="1.0.4"} 1

# HELP up 1 = up, 0 = not up
# TYPE up gauge
up 1