# HELP http_request_duration_seconds duration histogram of http responses labeled with: status_code, method, path, tenant, project_type, version
# TYPE http_request_duration_seconds histogram
http_request_duration_seconds_bucket{le="0.003",status_code="200",method="GET",path="/configs/custom-collections",tenant="local-tenant",project_type="coredatalink",version="1.0.4"} 1
http_request_duration_seconds_bucket{le="0.03",status_code="200",method="GET",path="/configs/custom-collections",tenant="local-tenant",project_type="coredatalink",version="1.0.4"} 1
http_request_duration_seconds_bucket{le="0.1",status_code="200",method="GET",path="/configs/custom-collections",tenant="local-tenant",project_type="coredatalink",version="1.0.4"} 1
http_request_duration_seconds_bucket{le="0.3",status_code="200",method="GET",path="/configs/custom-collections",tenant="local-tenant",project_type="coredatalink",version="1.0.4"} 1
http_request_duration_seconds_bucket{le="1.5",status_code="200",method="GET",path="/configs/custom-collections",tenant="local-tenant",project_type="coredatalink",version="1.0.4"} 1
http_request_duration_seconds_bucket{le="10",status_code="200",method="GET",path="/configs/custom-collections",tenant="local-tenant",project_type="coredatalink",version="1.0.4"} 1
http_request_duration_seconds_bucket{le="+Inf",status_code="200",method="GET",path="/configs/custom-collections",tenant="local-tenant",project_type="coredatalink",version="1.0.4"} 1
http_request_duration_seconds_sum{status_code="200",method="GET",path="/configs/custom-collections",tenant="local-tenant",project_type="coredatalink",version="1.0.4"} 0.002384167
http_request_duration_seconds_count{status_code="200",method="GET",path="/configs/custom-collections",tenant="local-tenant",project_type="coredatalink",version="1.0.4"} 1
http_request_duration_seconds_bucket{le="0.003",status_code="401",method="POST",path="/api/users/login",tenant="local-tenant",project_type="coredatalink",version="1.0.4"} 0
http_request_duration_seconds_bucket{le="0.03",status_code="401",method="POST",path="/api/users/login",tenant="local-tenant",project_type="coredatalink",version="1.0.4"} 1
http_request_duration_seconds_bucket{le="0.1",status_code="401",method="POST",path="/api/users/login",tenant="local-tenant",project_type="coredatalink",version="1.0.4"} 1
http_request_duration_seconds_bucket{le="0.3",status_code="401",method="POST",path="/api/users/login",tenant="local-tenant",project_type="coredatalink",version="1.0.4"} 1
http_request_duration_seconds_bucket{le="1.5",status_code="401",method="POST",path="/api/users/login",tenant="local-tenant",project_type="coredatalink",version="1.0.4"} 1
http_request_duration_seconds_bucket{le="10",status_code="401",method="POST",path="/api/users/login",tenant="local-tenant",project_type="coredatalink",version="1.0.4"} 1
# HELP up 1 = up, 0 = not up
# TYPE up gauge
up 1
