[lab2-worker-events] worker started
[lab2-worker-events] settings: api=http://localhost:3000, exchange=mzinga_events_durable, queue=communications-email-worker, routing_key=HOOKSURL_COMMUNICATIONS_AFTERCHANGE
[lab2-worker-events] authenticated to mzinga api
[lab2-worker-events] connected to rabbitmq
[lab2-worker-events] prefetch set to 1
[lab2-worker-events] consumer ready (exchange=mzinga_events_durable, queue=communications-email-worker, routing_key=HOOKSURL_COMMUNICATIONS_AFTERCHANGE)
[lab2-worker-events] received create event for 69f9f707eb3427ce5f483bbc
[lab2-worker-events] 69f9f707eb3427ce5f483bbc set to processing
[lab2-worker-events] 69f9f707eb3427ce5f483bbc sent
[lab2-worker-events] ack: 69f9f707eb3427ce5f483bbc processing completed
[lab2-worker-events] received create event for 69f9f707eb3427ce5f483bbc
[lab2-worker-events] 69f9f707eb3427ce5f483bbc already sent, skipping
[lab2-worker-events] ack: 69f9f707eb3427ce5f483bbc already sent
[lab2-worker-events] skip update event
[lab2-worker-events] ack: update event ignored
[lab2-worker-events] skip update event
[lab2-worker-events] ack: update event ignored
[lab2-worker-events] skip update event
[lab2-worker-events] ack: update event ignored
[lab2-worker-events] skip update event
[lab2-worker-events] ack: update event ignored
