Date: 2026-06-07
Branch: main (team delivery)

Success communication id: 6a25da6f756b74d028d76839
Final communication status: sent
Worker log trace id: 47ccf77cfe2e532a59a3c2626aace5c8

Jaeger service check:
- services include email-worker
- trace id 47ccf77cfe2e532a59a3c2626aace5c8 is visible for email-worker

Jaeger trace check:
- root span process_communication is present
- process_communication.doc_id = 6a25da6f756b74d028d76839
- serialize_body is a child span of process_communication
- serialize_body.node_count = 1
- send_email is a child span of process_communication
- send_email.recipient_count = 1
- GET http://localhost:3000/api/communications/6a25da6f756b74d028d76839?depth=1 is a child span of process_communication
- PATCH http://localhost:3000/api/communications/6a25da6f756b74d028d76839 is a child span of process_communication
- MZinga server spans for GET /api/communications/:id and PATCH /api/communications/:id are linked under the worker HTTP client spans

Worker log correlation:
- starting_processing contains doc_id 6a25da6f756b74d028d76839 and trace_id 47ccf77cfe2e532a59a3c2626aace5c8
- communication_sent contains the same doc_id and trace_id

Result:
- Step 7 trace verification is complete.
